  ID                    Private IP      Public IP      Tags:Name
| i-02399382a1880eb0e | 172.31.31.166 | 35.156.50.29 | dns_primary |

